>>> matrix_divided = __import__('2-matrix_divided').matrix_divided

>>> matrix_divided([[1, 2, 3.5], [4, -5, 6], [7, 2, 9]], 3)
[[0.33, 0.67, 1.17], [1.33, -1.67, 2.0], [2.33, 0.67, 3.0]]

>>> matrix_divided([[1, 2, 3], [4, "five", 6], [7, 8, 9]], 7)
Traceback (most recent call last):
TypeError: unsupported operand type(s) for /: 'str' and 'int'

>>> matrix_divided([[1, 2, 3, 4]], 0)
Traceback (most recent call last):
ZeroDivisionError: division by zero

>>> matrix_divided([[1, 2, 3], [4, 5, 6], [7, 8]], 3)
Traceback (most recent call last):
TypeError: Each row of the matrix must have the same size
